
> pelican-429@0.1.0 build
> vite build

vite v8.1.5 building client environment for production...
[2Ktransforming...✓ 353 modules transformed.
rendering chunks...
computing gzip size...
dist/index.html                                                     17.85 kB │ gzip:   5.38 kB
dist/assets/01-grassy-coding-concept-v3-mac-studio-Di1RHvbQ.png  1,551.01 kB
dist/assets/03-neural-rift-game-v3-BNuK7MWT.png                  1,871.03 kB
dist/assets/04-lost-frontier-game-v2-B8LQkhk_.png                1,959.40 kB
dist/assets/02-neural-breach-game-v3-7CChxuhY.png                2,176.88 kB
dist/assets/03-feather-transformation-v2-Dgm7NWBP.png            2,398.96 kB
dist/assets/index-DtzXv86C.css                                      45.62 kB │ gzip:  10.19 kB
dist/assets/index-klGx8lCi.js                                    2,114.87 kB │ gzip: 711.25 kB

[33m[PLUGIN_TIMINGS] [0mYour build spent significant time in plugin `vite:prepare-out-dir`. See https://rolldown.rs/reference/InputOptions.checks#plugintimings for more details.

[plugin builtin:vite-reporter] 
(!) Some chunks are larger than 500 kB after minification. Consider:
- Using dynamic import() to code-split the application
- Use build.rolldownOptions.output.codeSplitting to improve chunking: https://rolldown.rs/reference/OutputOptions.codeSplitting
- Adjust chunk size limit for this warning via build.chunkSizeWarningLimit.
✓ built in 7.03s
