
> pelican-429@0.1.0 build
> vite build

vite v8.1.5 building client environment for production...
[2Ktransforming...✓ 353 modules transformed.
rendering chunks...
computing gzip size...
dist/index.html                                                     17.73 kB │ gzip:   5.28 kB
dist/assets/01-grassy-coding-concept-v3-mac-studio-Di1RHvbQ.png  1,551.01 kB
dist/assets/03-neural-rift-game-v3-BNuK7MWT.png                  1,871.03 kB
dist/assets/04-lost-frontier-game-v2-B8LQkhk_.png                1,959.40 kB
dist/assets/02-neural-breach-game-v3-7CChxuhY.png                2,176.88 kB
dist/assets/03-feather-transformation-v2-Dgm7NWBP.png            2,398.96 kB
dist/assets/index-DtzXv86C.css                                      45.62 kB │ gzip:  10.19 kB
dist/assets/index-C2t3ZjNW.js                                    2,110.54 kB │ gzip: 709.67 kB

✓ built in 2.78s
[plugin builtin:vite-reporter] 
(!) Some chunks are larger than 500 kB after minification. Consider:
- Using dynamic import() to code-split the application
- Use build.rolldownOptions.output.codeSplitting to improve chunking: https://rolldown.rs/reference/OutputOptions.codeSplitting
- Adjust chunk size limit for this warning via build.chunkSizeWarningLimit.
